MPLINK 5.09, LINKER
Linker Map File - Created Tue Sep 27 22:56:39 2022

                                 Section Info
                  Section       Type    Address   Location Size(Bytes)
                ---------  ---------  ---------  ---------  ---------
                   .org_0       code   0x000000    program   0x000032
                   .cinit    romdata   0x000019    program   0x000004
.config_0FFF_BUILD/DEFAULT/PRODUCTION/MAIN.O       code   0x000fff    program   0x000002



                              Program Memory Usage 
                               Start         End      
                           ---------   ---------      
                            0x000000    0x00001a      
                            0x000fff    0x000fff      
            28 out of 261 program addresses used, program memory utilization is 10%



                              Symbols - Sorted by Name
                     Name    Address   Location    Storage File                     
                ---------  ---------  ---------  --------- ---------                
                    DELAY   0x00000d    program     static /home/jpsb/synced/Projetos/PIC/blink-both/blink-both.X/main.asm
               DELAY_LOOP   0x000012    program     static /home/jpsb/synced/Projetos/PIC/blink-both/blink-both.X/main.asm
                     LOOP   0x000004    program     static /home/jpsb/synced/Projetos/PIC/blink-both/blink-both.X/main.asm



                              Symbols - Sorted by Address
                     Name    Address   Location    Storage File                     
                ---------  ---------  ---------  --------- ---------                
                     LOOP   0x000004    program     static /home/jpsb/synced/Projetos/PIC/blink-both/blink-both.X/main.asm
                    DELAY   0x00000d    program     static /home/jpsb/synced/Projetos/PIC/blink-both/blink-both.X/main.asm
               DELAY_LOOP   0x000012    program     static /home/jpsb/synced/Projetos/PIC/blink-both/blink-both.X/main.asm


