MPLINK 5.09, LINKER
Linker Map File - Created Sun Oct 30 21:31:52 2022

                                 Section Info
                  Section       Type    Address   Location Size(Bytes)
                ---------  ---------  ---------  ---------  ---------
                   .org_0       code   0x000000    program   0x00002a
                   .cinit    romdata   0x000015    program   0x000004
.config_0FFF_BUILD/DEFAULT/PRODUCTION/MAIN.O       code   0x000fff    program   0x000002



                              Program Memory Usage 
                               Start         End      
                           ---------   ---------      
                            0x000000    0x000016      
                            0x000fff    0x000fff      
            24 out of 261 program addresses used, program memory utilization is 9%



                              Symbols - Sorted by Name
                     Name    Address   Location    Storage File                     
                ---------  ---------  ---------  --------- ---------                
                    DELAY   0x00000e    program     static /home/jpsb/synced/Projetos/PIC/blink-input/blink-input.X/main.asm
               DELAY_LOOP   0x000010    program     static /home/jpsb/synced/Projetos/PIC/blink-input/blink-input.X/main.asm
                     LOOP   0x000004    program     static /home/jpsb/synced/Projetos/PIC/blink-input/blink-input.X/main.asm
              RELASE_LOOP   0x000008    program     static /home/jpsb/synced/Projetos/PIC/blink-input/blink-input.X/main.asm
           TOG_ON_RELEASE   0x000007    program     static /home/jpsb/synced/Projetos/PIC/blink-input/blink-input.X/main.asm



                              Symbols - Sorted by Address
                     Name    Address   Location    Storage File                     
                ---------  ---------  ---------  --------- ---------                
                     LOOP   0x000004    program     static /home/jpsb/synced/Projetos/PIC/blink-input/blink-input.X/main.asm
           TOG_ON_RELEASE   0x000007    program     static /home/jpsb/synced/Projetos/PIC/blink-input/blink-input.X/main.asm
              RELASE_LOOP   0x000008    program     static /home/jpsb/synced/Projetos/PIC/blink-input/blink-input.X/main.asm
                    DELAY   0x00000e    program     static /home/jpsb/synced/Projetos/PIC/blink-input/blink-input.X/main.asm
               DELAY_LOOP   0x000010    program     static /home/jpsb/synced/Projetos/PIC/blink-input/blink-input.X/main.asm


