MPLINK 5.09, LINKER
Linker Map File - Created Thu Sep  8 22:57:36 2022

                                 Section Info
                  Section       Type    Address   Location Size(Bytes)
                ---------  ---------  ---------  ---------  ---------
                   .org_0       code   0x000000    program   0x000068
                   .cinit    romdata   0x000034    program   0x000004
.config_0FFF_BUILD/DEFAULT/PRODUCTION/MAIN.O       code   0x000fff    program   0x000002



                              Program Memory Usage 
                               Start         End      
                           ---------   ---------      
                            0x000000    0x000035      
                            0x000fff    0x000fff      
            55 out of 261 program addresses used, program memory utilization is 21%



                              Symbols - Sorted by Name
                     Name    Address   Location    Storage File                     
                ---------  ---------  ---------  --------- ---------                
                    DELAY   0x000015    program     static /home/jpselva/synced/Projetos/PIC/song/music.X/main.asm
                     LOOP   0x000004    program     static /home/jpselva/synced/Projetos/PIC/song/music.X/main.asm
                 PLAY_D#2   0x000024    program     static /home/jpselva/synced/Projetos/PIC/song/music.X/main.asm
                  PLAY_E2   0x00001c    program     static /home/jpselva/synced/Projetos/PIC/song/music.X/main.asm
                  PLAY_H1   0x00002c    program     static /home/jpselva/synced/Projetos/PIC/song/music.X/main.asm
                PLAY_NOTE   0x00000f    program     static /home/jpselva/synced/Projetos/PIC/song/music.X/main.asm



                              Symbols - Sorted by Address
                     Name    Address   Location    Storage File                     
                ---------  ---------  ---------  --------- ---------                
                     LOOP   0x000004    program     static /home/jpselva/synced/Projetos/PIC/song/music.X/main.asm
                PLAY_NOTE   0x00000f    program     static /home/jpselva/synced/Projetos/PIC/song/music.X/main.asm
                    DELAY   0x000015    program     static /home/jpselva/synced/Projetos/PIC/song/music.X/main.asm
                  PLAY_E2   0x00001c    program     static /home/jpselva/synced/Projetos/PIC/song/music.X/main.asm
                 PLAY_D#2   0x000024    program     static /home/jpselva/synced/Projetos/PIC/song/music.X/main.asm
                  PLAY_H1   0x00002c    program     static /home/jpselva/synced/Projetos/PIC/song/music.X/main.asm


