MPLINK 5.09, LINKER
Linker Map File - Created Tue Sep 27 22:56:09 2022

                                 Section Info
                  Section       Type    Address   Location Size(Bytes)
                ---------  ---------  ---------  ---------  ---------
                   .org_0       code   0x000000    program   0x00002c
                   .cinit    romdata   0x000016    program   0x000004
.config_0FFF_BUILD/DEFAULT/PRODUCTION/MAIN.O       code   0x000fff    program   0x000002



                              Program Memory Usage 
                               Start         End      
                           ---------   ---------      
                            0x000000    0x000017      
                            0x000fff    0x000fff      
            25 out of 261 program addresses used, program memory utilization is 9%



                              Symbols - Sorted by Name
                     Name    Address   Location    Storage File                     
                ---------  ---------  ---------  --------- ---------                
                    DELAY   0x000011    program     static /home/jpsb/synced/Projetos/PIC/pwm-dim/pwm-dim.X/main.asm
               DELAY_LOOP   0x000013    program     static /home/jpsb/synced/Projetos/PIC/pwm-dim/pwm-dim.X/main.asm
                 DIM_LOOP   0x000004    program     static /home/jpsb/synced/Projetos/PIC/pwm-dim/pwm-dim.X/main.asm
                     LOOP   0x000002    program     static /home/jpsb/synced/Projetos/PIC/pwm-dim/pwm-dim.X/main.asm
               PULSE_LOOP   0x000007    program     static /home/jpsb/synced/Projetos/PIC/pwm-dim/pwm-dim.X/main.asm



                              Symbols - Sorted by Address
                     Name    Address   Location    Storage File                     
                ---------  ---------  ---------  --------- ---------                
                     LOOP   0x000002    program     static /home/jpsb/synced/Projetos/PIC/pwm-dim/pwm-dim.X/main.asm
                 DIM_LOOP   0x000004    program     static /home/jpsb/synced/Projetos/PIC/pwm-dim/pwm-dim.X/main.asm
               PULSE_LOOP   0x000007    program     static /home/jpsb/synced/Projetos/PIC/pwm-dim/pwm-dim.X/main.asm
                    DELAY   0x000011    program     static /home/jpsb/synced/Projetos/PIC/pwm-dim/pwm-dim.X/main.asm
               DELAY_LOOP   0x000013    program     static /home/jpsb/synced/Projetos/PIC/pwm-dim/pwm-dim.X/main.asm


