MPLINK 5.09, LINKER
Linker Map File - Created Tue Sep  6 20:26:01 2022

                                 Section Info
                  Section       Type    Address   Location Size(Bytes)
                ---------  ---------  ---------  ---------  ---------
                   .org_0       code   0x000000    program   0x00003c
                   .cinit    romdata   0x00001e    program   0x000004
.config_0FFF_BUILD/DEFAULT/PRODUCTION/MAIN.O       code   0x000fff    program   0x000002



                              Program Memory Usage 
                               Start         End      
                           ---------   ---------      
                            0x000000    0x00001f      
                            0x000fff    0x000fff      
            33 out of 261 program addresses used, program memory utilization is 12%



                              Symbols - Sorted by Name
                     Name    Address   Location    Storage File                     
                ---------  ---------  ---------  --------- ---------                
                    DELAY   0x000019    program     static /home/jpselva/synced/Projetos/PIC/pwm-dim-reversed/pwm-dim-reversed.X/main.asm
               DELAY_LOOP   0x00001b    program     static /home/jpselva/synced/Projetos/PIC/pwm-dim-reversed/pwm-dim-reversed.X/main.asm
                 DIM_LOOP   0x000006    program     static /home/jpselva/synced/Projetos/PIC/pwm-dim-reversed/pwm-dim-reversed.X/main.asm
                     LOOP   0x000003    program     static /home/jpselva/synced/Projetos/PIC/pwm-dim-reversed/pwm-dim-reversed.X/main.asm
               PULSE_LOOP   0x00000d    program     static /home/jpselva/synced/Projetos/PIC/pwm-dim-reversed/pwm-dim-reversed.X/main.asm
             _.org_0_0009   0x000009    program     static /home/jpselva/synced/Projetos/PIC/pwm-dim-reversed/pwm-dim-reversed.X/main.asm
             _.org_0_0010   0x000010    program     static /home/jpselva/synced/Projetos/PIC/pwm-dim-reversed/pwm-dim-reversed.X/main.asm



                              Symbols - Sorted by Address
                     Name    Address   Location    Storage File                     
                ---------  ---------  ---------  --------- ---------                
                     LOOP   0x000003    program     static /home/jpselva/synced/Projetos/PIC/pwm-dim-reversed/pwm-dim-reversed.X/main.asm
                 DIM_LOOP   0x000006    program     static /home/jpselva/synced/Projetos/PIC/pwm-dim-reversed/pwm-dim-reversed.X/main.asm
             _.org_0_0009   0x000009    program     static /home/jpselva/synced/Projetos/PIC/pwm-dim-reversed/pwm-dim-reversed.X/main.asm
               PULSE_LOOP   0x00000d    program     static /home/jpselva/synced/Projetos/PIC/pwm-dim-reversed/pwm-dim-reversed.X/main.asm
             _.org_0_0010   0x000010    program     static /home/jpselva/synced/Projetos/PIC/pwm-dim-reversed/pwm-dim-reversed.X/main.asm
                    DELAY   0x000019    program     static /home/jpselva/synced/Projetos/PIC/pwm-dim-reversed/pwm-dim-reversed.X/main.asm
               DELAY_LOOP   0x00001b    program     static /home/jpselva/synced/Projetos/PIC/pwm-dim-reversed/pwm-dim-reversed.X/main.asm


